// Jest Snapshot v1, https://goo.gl/fbAQLP

exports[`Input Component should render the component 1`] = `
<div
  className="wb-form-item wb-push-middle--bottom"
>
  <label
    className="wb-strong"
    htmlFor="test"
  >
    Label
  </label>
  <div
    className="wb-form-item__field wb-form-item__field__full"
  >
    <input
      className="sessioncamhidetext wb-dark"
      id="test"
      label="Label"
      placeholder="Placeholder"
      type="text"
      value="value"
    />
    <span
      className="form-item-msg__info-icon wb-icon_disc-checked-fill"
    />
  </div>
</div>
`;
