// Jest Snapshot v1, https://goo.gl/fbAQLP

exports[`PasswordForm component renders the component elements should match snapshot 1`] = `
<form
  name="password-form"
  onSubmit={[MockFunction]}
>
  <Input
    id="currentPassword"
    mb="wb-push-middle--bottom"
    name="currentPassword"
    onBlur={[MockFunction]}
    onChange={[MockFunction]}
    sessioncamhide={true}
    type="password"
  />
  <Input
    id="newPassword"
    mb="wb-push-middle--bottom"
    name="newPassword"
    onBlur={[MockFunction]}
    onChange={[MockFunction]}
    sessioncamhide={true}
    type="password"
  />
  <Input
    id="confirmPassword"
    mb="wb-push-middle--bottom"
    name="confirmPassword"
    onBlur={[MockFunction]}
    onChange={[MockFunction]}
    sessioncamhide={true}
    type="password"
  />
  <ul>
    <li />
    <li />
    <li />
    <li />
  </ul>
  <Button
    className="wb-push--bottom wb-btn--full-width"
    color="primary"
    fullWidth={false}
    href={null}
    id="save-changed"
    onClick={[Function]}
    submit={false}
    type="submit"
    variant="button"
  >
    Update Password
  </Button>
  <Button
    className="underline block"
    color="default"
    data-test="closeForm"
    fullWidth={true}
    href={null}
    onClick={[Function]}
    submit={false}
    variant="text"
  >
    Cancel password update
  </Button>
</form>
`;
